http://www.narcis.nl/organisation/RecordID/ORG1235604/Language/en
http://www.narcis.nl/organisation/RecordID/ORG1235604/Language/nl
http://www.narcis.nl/organisation/RecordID/ORG1235615/Language/en
http://www.narcis.nl/organisation/RecordID/ORG1235615/Language/nl
http://www.narcis.nl/organisation/RecordID/ORG1235662/Language/en
http://www.narcis.nl/organisation/RecordID/ORG1235662/Language/nl
http://www.narcis.nl/organisation/RecordID/ORG1235663/Language/en
http://www.narcis.nl/organisation/RecordID/ORG1235663/Language/nl
http://www.narcis.nl/organisation/RecordID/ORG1235665/Language/en
http://www.narcis.nl/organisation/RecordID/ORG1235665/Language/nl
http://www.narcis.nl/organisation/RecordID/ORG1235667/Language/en
http://www.narcis.nl/organisation/RecordID/ORG1235667/Language/nl
http://www.narcis.nl/organisation/RecordID/ORG1235670/Language/en
http://www.narcis.nl/organisation/RecordID/ORG1235670/Language/nl
http://www.narcis.nl/organisation/RecordID/ORG1235699/Language/en
http://www.narcis.nl/organisation/RecordID/ORG1235699/Language/nl
http://www.narcis.nl/organisation/RecordID/ORG1235703/Language/en
http://www.narcis.nl/organisation/RecordID/ORG1235703/Language/nl
http://www.narcis.nl/organisation/RecordID/ORG1235718/Language/en
http://www.narcis.nl/organisation/RecordID/ORG1235718/Language/nl
http://www.narcis.nl/organisation/RecordID/ORG1235719/Language/en
http://www.narcis.nl/organisation/RecordID/ORG1235719/Language/nl
http://www.narcis.nl/organisation/RecordID/ORG1235720/Language/en
http://www.narcis.nl/organisation/RecordID/ORG1235720/Language/nl
http://www.narcis.nl/organisation/RecordID/ORG1235723/Language/en
http://www.narcis.nl/organisation/RecordID/ORG1235723/Language/nl
http://www.narcis.nl/organisation/RecordID/ORG1235725/Language/en
http://www.narcis.nl/organisation/RecordID/ORG1235725/Language/nl
http://www.narcis.nl/organisation/RecordID/ORG1235726/Language/en
http://www.narcis.nl/organisation/RecordID/ORG1235726/Language/nl
http://www.narcis.nl/organisation/RecordID/ORG1235732/Language/en
http://www.narcis.nl/organisation/RecordID/ORG1235732/Language/nl
http://www.narcis.nl/organisation/RecordID/ORG1235743/Language/en
http://www.narcis.nl/organisation/RecordID/ORG1235743/Language/nl
http://www.narcis.nl/organisation/RecordID/ORG1235768/Language/en
http://www.narcis.nl/organisation/RecordID/ORG1235768/Language/nl
http://www.narcis.nl/organisation/RecordID/ORG1235771/Language/en
http://www.narcis.nl/organisation/RecordID/ORG1235771/Language/nl
http://www.narcis.nl/organisation/RecordID/ORG1235773/Language/en
http://www.narcis.nl/organisation/RecordID/ORG1235773/Language/nl
http://www.narcis.nl/organisation/RecordID/ORG1235775/Language/en
http://www.narcis.nl/organisation/RecordID/ORG1235775/Language/nl
http://www.narcis.nl/organisation/RecordID/ORG1235783/Language/en
http://www.narcis.nl/organisation/RecordID/ORG1235783/Language/nl
http://www.narcis.nl/organisation/RecordID/ORG1235784/Language/en
http://www.narcis.nl/organisation/RecordID/ORG1235784/Language/nl
http://www.narcis.nl/organisation/RecordID/ORG1235787/Language/en
http://www.narcis.nl/organisation/RecordID/ORG1235787/Language/nl
http://www.narcis.nl/organisation/RecordID/ORG1235788/Language/en
http://www.narcis.nl/organisation/RecordID/ORG1235788/Language/nl
http://www.narcis.nl/organisation/RecordID/ORG1235789/Language/en
http://www.narcis.nl/organisation/RecordID/ORG1235789/Language/nl
http://www.narcis.nl/organisation/RecordID/ORG1235801/Language/en
http://www.narcis.nl/organisation/RecordID/ORG1235801/Language/nl
http://www.narcis.nl/organisation/RecordID/ORG1235802/Language/en
http://www.narcis.nl/organisation/RecordID/ORG1235802/Language/nl
http://www.narcis.nl/organisation/RecordID/ORG1235807/Language/en
http://www.narcis.nl/organisation/RecordID/ORG1235807/Language/nl
http://www.narcis.nl/organisation/RecordID/ORG1235809/Language/en
http://www.narcis.nl/organisation/RecordID/ORG1235809/Language/nl
http://www.narcis.nl/organisation/RecordID/ORG1235812/Language/en
http://www.narcis.nl/organisation/RecordID/ORG1235812/Language/nl
http://www.narcis.nl/organisation/RecordID/ORG1235824/Language/en
http://www.narcis.nl/organisation/RecordID/ORG1235824/Language/nl
http://www.narcis.nl/organisation/RecordID/ORG1235827/Language/en
http://www.narcis.nl/organisation/RecordID/ORG1235827/Language/nl
http://www.narcis.nl/organisation/RecordID/ORG1236357/Language/en
http://www.narcis.nl/organisation/RecordID/ORG1236357/Language/nl
http://www.narcis.nl/organisation/RecordID/ORG1236547/Language/en
http://www.narcis.nl/organisation/RecordID/ORG1236547/Language/nl
http://www.narcis.nl/organisation/RecordID/ORG1236613/Language/en
http://www.narcis.nl/organisation/RecordID/ORG1236613/Language/nl
http://www.narcis.nl/organisation/RecordID/ORG1236615/Language/en
http://www.narcis.nl/organisation/RecordID/ORG1236615/Language/nl
http://www.narcis.nl/organisation/RecordID/ORG1236619/Language/en
http://www.narcis.nl/organisation/RecordID/ORG1236619/Language/nl
http://www.narcis.nl/organisation/RecordID/ORG1236821/Language/en
http://www.narcis.nl/organisation/RecordID/ORG1236821/Language/nl
http://www.narcis.nl/organisation/RecordID/ORG1236841/Language/en
http://www.narcis.nl/organisation/RecordID/ORG1236841/Language/nl
http://www.narcis.nl/organisation/RecordID/ORG1236847/Language/en
http://www.narcis.nl/organisation/RecordID/ORG1236847/Language/nl
http://www.narcis.nl/organisation/RecordID/ORG1236941/Language/en
http://www.narcis.nl/organisation/RecordID/ORG1236941/Language/nl
http://www.narcis.nl/organisation/RecordID/ORG1236980/Language/en
http://www.narcis.nl/organisation/RecordID/ORG1236980/Language/nl
http://www.narcis.nl/organisation/RecordID/ORG1236981/Language/en
http://www.narcis.nl/organisation/RecordID/ORG1236981/Language/nl
http://www.narcis.nl/organisation/RecordID/ORG1236984/Language/en
http://www.narcis.nl/organisation/RecordID/ORG1236984/Language/nl
http://www.narcis.nl/organisation/RecordID/ORG1237010/Language/en
http://www.narcis.nl/organisation/RecordID/ORG1237010/Language/nl
http://www.narcis.nl/organisation/RecordID/ORG1237191/Language/en
http://www.narcis.nl/organisation/RecordID/ORG1237191/Language/nl
http://www.narcis.nl/organisation/RecordID/ORG1237211/Language/en
http://www.narcis.nl/organisation/RecordID/ORG1237211/Language/nl
http://www.narcis.nl/organisation/RecordID/ORG1237212/Language/en
http://www.narcis.nl/organisation/RecordID/ORG1237212/Language/nl
http://www.narcis.nl/organisation/RecordID/ORG1237213/Language/en
http://www.narcis.nl/organisation/RecordID/ORG1237213/Language/nl
http://www.narcis.nl/organisation/RecordID/ORG1237214/Language/en
http://www.narcis.nl/organisation/RecordID/ORG1237214/Language/nl
http://www.narcis.nl/organisation/RecordID/ORG1237218/Language/en
http://www.narcis.nl/organisation/RecordID/ORG1237218/Language/nl
http://www.narcis.nl/organisation/RecordID/ORG1237250/Language/en
http://www.narcis.nl/organisation/RecordID/ORG1237250/Language/nl
http://www.narcis.nl/organisation/RecordID/ORG1237303/Language/en
http://www.narcis.nl/organisation/RecordID/ORG1237303/Language/nl
http://www.narcis.nl/organisation/RecordID/ORG1237370/Language/en
http://www.narcis.nl/organisation/RecordID/ORG1237370/Language/nl
http://www.narcis.nl/organisation/RecordID/ORG1237385/Language/en
http://www.narcis.nl/organisation/RecordID/ORG1237385/Language/nl
http://www.narcis.nl/organisation/RecordID/ORG1237619/Language/en
http://www.narcis.nl/organisation/RecordID/ORG1237619/Language/nl
http://www.narcis.nl/organisation/RecordID/ORG1237690/Language/en
http://www.narcis.nl/organisation/RecordID/ORG1237690/Language/nl
http://www.narcis.nl/organisation/RecordID/ORG1237725/Language/en
http://www.narcis.nl/organisation/RecordID/ORG1237725/Language/nl
http://www.narcis.nl/organisation/RecordID/ORG1237726/Language/en
http://www.narcis.nl/organisation/RecordID/ORG1237726/Language/nl
http://www.narcis.nl/organisation/RecordID/ORG1237727/Language/en
http://www.narcis.nl/organisation/RecordID/ORG1237727/Language/nl
http://www.narcis.nl/organisation/RecordID/ORG1237729/Language/en
http://www.narcis.nl/organisation/RecordID/ORG1237729/Language/nl
http://www.narcis.nl/organisation/RecordID/ORG1237730/Language/en
http://www.narcis.nl/organisation/RecordID/ORG1237730/Language/nl
http://www.narcis.nl/organisation/RecordID/ORG1237739/Language/en
http://www.narcis.nl/organisation/RecordID/ORG1237739/Language/nl
http://www.narcis.nl/organisation/RecordID/ORG1237759/Language/en
http://www.narcis.nl/organisation/RecordID/ORG1237759/Language/nl
http://www.narcis.nl/organisation/RecordID/ORG1237987/Language/en
http://www.narcis.nl/organisation/RecordID/ORG1237987/Language/nl
http://www.narcis.nl/organisation/RecordID/ORG1238085/Language/en
http://www.narcis.nl/organisation/RecordID/ORG1238085/Language/nl
http://www.narcis.nl/organisation/RecordID/ORG1238145/Language/en
http://www.narcis.nl/organisation/RecordID/ORG1238145/Language/nl
http://www.narcis.nl/organisation/RecordID/ORG1238146/Language/en
http://www.narcis.nl/organisation/RecordID/ORG1238146/Language/nl
http://www.narcis.nl/organisation/RecordID/ORG1238153/Language/en
http://www.narcis.nl/organisation/RecordID/ORG1238153/Language/nl
http://www.narcis.nl/organisation/RecordID/ORG1238169/Language/en
http://www.narcis.nl/organisation/RecordID/ORG1238169/Language/nl
http://www.narcis.nl/organisation/RecordID/ORG1238279/Language/en
http://www.narcis.nl/organisation/RecordID/ORG1238279/Language/nl
http://www.narcis.nl/organisation/RecordID/ORG1238303/Language/en
http://www.narcis.nl/organisation/RecordID/ORG1238303/Language/nl
http://www.narcis.nl/organisation/RecordID/ORG1238333/Language/en
http://www.narcis.nl/organisation/RecordID/ORG1238333/Language/nl
http://www.narcis.nl/organisation/RecordID/ORG1238341/Language/en
http://www.narcis.nl/organisation/RecordID/ORG1238341/Language/nl
http://www.narcis.nl/organisation/RecordID/ORG1238486/Language/en
http://www.narcis.nl/organisation/RecordID/ORG1238486/Language/nl
http://www.narcis.nl/organisation/RecordID/ORG1238531/Language/en
http://www.narcis.nl/organisation/RecordID/ORG1238531/Language/nl
http://www.narcis.nl/organisation/RecordID/ORG1238533/Language/en
http://www.narcis.nl/organisation/RecordID/ORG1238533/Language/nl
http://www.narcis.nl/organisation/RecordID/ORG1238551/Language/en
http://www.narcis.nl/organisation/RecordID/ORG1238551/Language/nl
http://www.narcis.nl/organisation/RecordID/ORG1238552/Language/en
http://www.narcis.nl/organisation/RecordID/ORG1238552/Language/nl
http://www.narcis.nl/organisation/RecordID/ORG1238715/Language/en
http://www.narcis.nl/organisation/RecordID/ORG1238715/Language/nl
http://www.narcis.nl/organisation/RecordID/ORG1238799/Language/en
http://www.narcis.nl/organisation/RecordID/ORG1238799/Language/nl
http://www.narcis.nl/organisation/RecordID/ORG1238904/Language/en
http://www.narcis.nl/organisation/RecordID/ORG1238904/Language/nl
http://www.narcis.nl/organisation/RecordID/ORG1238906/Language/en
http://www.narcis.nl/organisation/RecordID/ORG1238906/Language/nl
http://www.narcis.nl/organisation/RecordID/ORG1238989/Language/en
http://www.narcis.nl/organisation/RecordID/ORG1238989/Language/nl
http://www.narcis.nl/organisation/RecordID/ORG1239041/Language/en
http://www.narcis.nl/organisation/RecordID/ORG1239041/Language/nl
http://www.narcis.nl/organisation/RecordID/ORG1239042/Language/en
http://www.narcis.nl/organisation/RecordID/ORG1239042/Language/nl
http://www.narcis.nl/organisation/RecordID/ORG1239049/Language/en
http://www.narcis.nl/organisation/RecordID/ORG1239049/Language/nl
http://www.narcis.nl/organisation/RecordID/ORG1239095/Language/en
http://www.narcis.nl/organisation/RecordID/ORG1239095/Language/nl
http://www.narcis.nl/organisation/RecordID/ORG1239111/Language/en
http://www.narcis.nl/organisation/RecordID/ORG1239111/Language/nl
http://www.narcis.nl/organisation/RecordID/ORG1239112/Language/en
http://www.narcis.nl/organisation/RecordID/ORG1239112/Language/nl
http://www.narcis.nl/organisation/RecordID/ORG1239215/Language/en
http://www.narcis.nl/organisation/RecordID/ORG1239215/Language/nl
http://www.narcis.nl/organisation/RecordID/ORG1239276/Language/en
http://www.narcis.nl/organisation/RecordID/ORG1239276/Language/nl
http://www.narcis.nl/organisation/RecordID/ORG1239285/Language/en
http://www.narcis.nl/organisation/RecordID/ORG1239285/Language/nl
http://www.narcis.nl/organisation/RecordID/ORG1239286/Language/en
http://www.narcis.nl/organisation/RecordID/ORG1239286/Language/nl
http://www.narcis.nl/organisation/RecordID/ORG1239287/Language/en
http://www.narcis.nl/organisation/RecordID/ORG1239287/Language/nl
http://www.narcis.nl/organisation/RecordID/ORG1239288/Language/en
http://www.narcis.nl/organisation/RecordID/ORG1239288/Language/nl
http://www.narcis.nl/organisation/RecordID/ORG1239289/Language/en
http://www.narcis.nl/organisation/RecordID/ORG1239289/Language/nl
http://www.narcis.nl/organisation/RecordID/ORG1239527/Language/en
http://www.narcis.nl/organisation/RecordID/ORG1239527/Language/nl
http://www.narcis.nl/organisation/RecordID/ORG1239528/Language/en
http://www.narcis.nl/organisation/RecordID/ORG1239528/Language/nl
http://www.narcis.nl/organisation/RecordID/ORG1240224/Language/en
http://www.narcis.nl/organisation/RecordID/ORG1240224/Language/nl
http://www.narcis.nl/organisation/RecordID/ORG1240226/Language/en
http://www.narcis.nl/organisation/RecordID/ORG1240226/Language/nl
http://www.narcis.nl/organisation/RecordID/ORG1240234/Language/en
http://www.narcis.nl/organisation/RecordID/ORG1240234/Language/nl
http://www.narcis.nl/organisation/RecordID/ORG1240237/Language/en
http://www.narcis.nl/organisation/RecordID/ORG1240237/Language/nl
http://www.narcis.nl/organisation/RecordID/ORG1240239/Language/en
http://www.narcis.nl/organisation/RecordID/ORG1240239/Language/nl
http://www.narcis.nl/organisation/RecordID/ORG1241082/Language/en
http://www.narcis.nl/organisation/RecordID/ORG1241082/Language/nl
http://www.narcis.nl/organisation/RecordID/ORG1241158/Language/en
http://www.narcis.nl/organisation/RecordID/ORG1241158/Language/nl
http://www.narcis.nl/organisation/RecordID/ORG1241385/Language/en
http://www.narcis.nl/organisation/RecordID/ORG1241385/Language/nl
http://www.narcis.nl/organisation/RecordID/ORG1241625/Language/en
http://www.narcis.nl/organisation/RecordID/ORG1241625/Language/nl
http://www.narcis.nl/organisation/RecordID/ORG1241663/Language/en
http://www.narcis.nl/organisation/RecordID/ORG1241663/Language/nl
http://www.narcis.nl/organisation/RecordID/ORG1241813/Language/en
http://www.narcis.nl/organisation/RecordID/ORG1241813/Language/nl
http://www.narcis.nl/organisation/RecordID/ORG1241814/Language/en
http://www.narcis.nl/organisation/RecordID/ORG1241814/Language/nl
http://www.narcis.nl/organisation/RecordID/ORG1241894/Language/en
http://www.narcis.nl/organisation/RecordID/ORG1241894/Language/nl
http://www.narcis.nl/organisation/RecordID/ORG1241899/Language/en
http://www.narcis.nl/organisation/RecordID/ORG1241899/Language/nl
http://www.narcis.nl/organisation/RecordID/ORG1241900/Language/en
http://www.narcis.nl/organisation/RecordID/ORG1241900/Language/nl
http://www.narcis.nl/organisation/RecordID/ORG1241902/Language/en
http://www.narcis.nl/organisation/RecordID/ORG1241902/Language/nl
http://www.narcis.nl/organisation/RecordID/ORG1241905/Language/en
http://www.narcis.nl/organisation/RecordID/ORG1241905/Language/nl
http://www.narcis.nl/organisation/RecordID/ORG1241910/Language/en
http://www.narcis.nl/organisation/RecordID/ORG1241910/Language/nl
http://www.narcis.nl/organisation/RecordID/ORG1241911/Language/en
http://www.narcis.nl/organisation/RecordID/ORG1241911/Language/nl
http://www.narcis.nl/organisation/RecordID/ORG1242119/Language/en
http://www.narcis.nl/organisation/RecordID/ORG1242119/Language/nl
http://www.narcis.nl/organisation/RecordID/ORG1242136/Language/en
http://www.narcis.nl/organisation/RecordID/ORG1242136/Language/nl
http://www.narcis.nl/organisation/RecordID/ORG1242164/Language/en
http://www.narcis.nl/organisation/RecordID/ORG1242164/Language/nl
http://www.narcis.nl/organisation/RecordID/ORG1242370/Language/en
http://www.narcis.nl/organisation/RecordID/ORG1242370/Language/nl
http://www.narcis.nl/organisation/RecordID/ORG1242371/Language/en
http://www.narcis.nl/organisation/RecordID/ORG1242371/Language/nl
http://www.narcis.nl/organisation/RecordID/ORG1242493/Language/en
http://www.narcis.nl/organisation/RecordID/ORG1242493/Language/nl
http://www.narcis.nl/organisation/RecordID/ORG1242494/Language/en
http://www.narcis.nl/organisation/RecordID/ORG1242494/Language/nl
http://www.narcis.nl/organisation/RecordID/ORG1242504/Language/en
http://www.narcis.nl/organisation/RecordID/ORG1242504/Language/nl
http://www.narcis.nl/organisation/RecordID/ORG1242506/Language/en
http://www.narcis.nl/organisation/RecordID/ORG1242506/Language/nl
http://www.narcis.nl/organisation/RecordID/ORG1242524/Language/en
http://www.narcis.nl/organisation/RecordID/ORG1242524/Language/nl
http://www.narcis.nl/organisation/RecordID/ORG1242553/Language/en
http://www.narcis.nl/organisation/RecordID/ORG1242553/Language/nl
http://www.narcis.nl/organisation/RecordID/ORG1242770/Language/en
http://www.narcis.nl/organisation/RecordID/ORG1242770/Language/nl
http://www.narcis.nl/organisation/RecordID/ORG1242772/Language/en
http://www.narcis.nl/organisation/RecordID/ORG1242772/Language/nl
http://www.narcis.nl/organisation/RecordID/ORG1242994/Language/en
http://www.narcis.nl/organisation/RecordID/ORG1242994/Language/nl
http://www.narcis.nl/organisation/RecordID/ORG1242995/Language/en
http://www.narcis.nl/organisation/RecordID/ORG1242995/Language/nl
http://www.narcis.nl/organisation/RecordID/ORG1242996/Language/en
http://www.narcis.nl/organisation/RecordID/ORG1242996/Language/nl
http://www.narcis.nl/organisation/RecordID/ORG1243002/Language/en
http://www.narcis.nl/organisation/RecordID/ORG1243002/Language/nl
http://www.narcis.nl/organisation/RecordID/ORG1243315/Language/en
http://www.narcis.nl/organisation/RecordID/ORG1243315/Language/nl
http://www.narcis.nl/organisation/RecordID/ORG1243316/Language/en
http://www.narcis.nl/organisation/RecordID/ORG1243316/Language/nl
http://www.narcis.nl/organisation/RecordID/ORG1243473/Language/en
http://www.narcis.nl/organisation/RecordID/ORG1243473/Language/nl
http://www.narcis.nl/organisation/RecordID/ORG1243578/Language/en
http://www.narcis.nl/organisation/RecordID/ORG1243578/Language/nl
http://www.narcis.nl/organisation/RecordID/ORG1243770/Language/en
http://www.narcis.nl/organisation/RecordID/ORG1243770/Language/nl
http://www.narcis.nl/organisation/RecordID/ORG1243794/Language/en
http://www.narcis.nl/organisation/RecordID/ORG1243794/Language/nl
http://www.narcis.nl/organisation/RecordID/ORG1243795/Language/en
http://www.narcis.nl/organisation/RecordID/ORG1243795/Language/nl
http://www.narcis.nl/organisation/RecordID/ORG1243829/Language/en
http://www.narcis.nl/organisation/RecordID/ORG1243829/Language/nl
http://www.narcis.nl/organisation/RecordID/ORG1243970/Language/en
http://www.narcis.nl/organisation/RecordID/ORG1243970/Language/nl
http://www.narcis.nl/organisation/RecordID/ORG1244187/Language/en
http://www.narcis.nl/organisation/RecordID/ORG1244187/Language/nl
http://www.narcis.nl/organisation/RecordID/ORG1244223/Language/en
http://www.narcis.nl/organisation/RecordID/ORG1244223/Language/nl
http://www.narcis.nl/organisation/RecordID/ORG1244239/Language/en
http://www.narcis.nl/organisation/RecordID/ORG1244239/Language/nl
http://www.narcis.nl/organisation/RecordID/ORG1244269/Language/en
http://www.narcis.nl/organisation/RecordID/ORG1244269/Language/nl
http://www.narcis.nl/organisation/RecordID/ORG1244282/Language/en
http://www.narcis.nl/organisation/RecordID/ORG1244282/Language/nl
http://www.narcis.nl/organisation/RecordID/ORG1244301/Language/en
http://www.narcis.nl/organisation/RecordID/ORG1244301/Language/nl
http://www.narcis.nl/organisation/RecordID/ORG1244302/Language/en
http://www.narcis.nl/organisation/RecordID/ORG1244302/Language/nl
